\BOOKMARK [1][-]{section.1}{\376\377\000I\000n\000t\000r\000o\000d\000u\000c\000t\000i\000o\000n}{}% 1
\BOOKMARK [2][-]{subsection.1.1}{\376\377\000W\000h\000a\000t\000\040\000i\000s\000\040\000O\000h\000M\000y\000G\000A\000D\000?}{section.1}% 2
\BOOKMARK [2][-]{subsection.1.2}{\376\377\000W\000h\000o\000\040\000I\000s\000\040\000T\000h\000i\000s\000\040\000M\000a\000n\000u\000a\000l\000\040\000F\000o\000r\000?}{section.1}% 3
\BOOKMARK [2][-]{subsection.1.3}{\376\377\000H\000o\000w\000\040\000t\000o\000\040\000U\000s\000e\000\040\000T\000h\000i\000s\000\040\000M\000a\000n\000u\000a\000l}{section.1}% 4
\BOOKMARK [2][-]{subsection.1.4}{\376\377\000A\000c\000c\000e\000s\000s\000i\000n\000g\000\040\000t\000h\000e\000\040\000S\000y\000s\000t\000e\000m}{section.1}% 5
\BOOKMARK [1][-]{section.2}{\376\377\000D\000a\000s\000h\000b\000o\000a\000r\000d}{}% 6
\BOOKMARK [2][-]{subsection.2.1}{\376\377\000K\000e\000y\000\040\000P\000e\000r\000f\000o\000r\000m\000a\000n\000c\000e\000\040\000I\000n\000d\000i\000c\000a\000t\000o\000r\000s\000\040\000\050\000K\000P\000I\000s\000\051}{section.2}% 7
\BOOKMARK [2][-]{subsection.2.2}{\376\377\000G\000l\000o\000b\000a\000l\000\040\000S\000e\000a\000r\000c\000h}{section.2}% 8
\BOOKMARK [2][-]{subsection.2.3}{\376\377\000D\000a\000s\000h\000b\000o\000a\000r\000d\000\040\000F\000i\000l\000t\000e\000r\000s}{section.2}% 9
\BOOKMARK [3][-]{subsubsection.2.3.1}{\376\377\000H\000o\000w\000\040\000F\000i\000l\000t\000e\000r\000s\000\040\000W\000o\000r\000k}{subsection.2.3}% 10
\BOOKMARK [3][-]{subsubsection.2.3.2}{\376\377\000O\000p\000e\000n\000i\000n\000g\000\040\000t\000h\000e\000\040\000F\000i\000l\000t\000e\000r\000\040\000P\000a\000n\000e\000l}{subsection.2.3}% 11
\BOOKMARK [3][-]{subsubsection.2.3.3}{\376\377\000S\000e\000l\000e\000c\000t\000i\000n\000g\000\040\000F\000i\000l\000t\000e\000r\000s}{subsection.2.3}% 12
\BOOKMARK [3][-]{subsubsection.2.3.4}{\376\377\000F\000i\000l\000t\000e\000r\000\040\000C\000a\000t\000e\000g\000o\000r\000i\000e\000s}{subsection.2.3}% 13
\BOOKMARK [3][-]{subsubsection.2.3.5}{\376\377\000W\000h\000a\000t\000\040\000C\000h\000a\000n\000g\000e\000s\000\040\000W\000h\000e\000n\000\040\000F\000i\000l\000t\000e\000r\000s\000\040\000A\000r\000e\000\040\000A\000p\000p\000l\000i\000e\000d}{subsection.2.3}% 14
\BOOKMARK [3][-]{subsubsection.2.3.6}{\376\377\000C\000o\000m\000b\000i\000n\000i\000n\000g\000\040\000M\000u\000l\000t\000i\000p\000l\000e\000\040\000F\000i\000l\000t\000e\000r\000s}{subsection.2.3}% 15
\BOOKMARK [3][-]{subsubsection.2.3.7}{\376\377\000F\000i\000l\000t\000e\000r\000\040\000L\000o\000g\000i\000c\000\040\000E\000x\000a\000m\000p\000l\000e\000s}{subsection.2.3}% 16
\BOOKMARK [3][-]{subsubsection.2.3.8}{\376\377\000C\000l\000e\000a\000r\000i\000n\000g\000\040\000F\000i\000l\000t\000e\000r\000s}{subsection.2.3}% 17
\BOOKMARK [3][-]{subsubsection.2.3.9}{\376\377\000E\000m\000p\000t\000y\000\040\000R\000e\000s\000u\000l\000t\000s}{subsection.2.3}% 18
\BOOKMARK [3][-]{subsubsection.2.3.10}{\376\377\000T\000i\000p\000s\000\040\000f\000o\000r\000\040\000U\000s\000i\000n\000g\000\040\000F\000i\000l\000t\000e\000r\000s\000\040\000E\000f\000f\000e\000c\000t\000i\000v\000e\000l\000y}{subsection.2.3}% 19
\BOOKMARK [2][-]{subsection.2.4}{\376\377\000A\000t\000t\000e\000n\000d\000a\000n\000c\000e\000\040\000O\000v\000e\000r\000\040\000T\000i\000m\000e}{section.2}% 20
\BOOKMARK [2][-]{subsection.2.5}{\376\377\000Q\000u\000i\000c\000k\000\040\000A\000c\000t\000i\000o\000n\000s}{section.2}% 21
\BOOKMARK [2][-]{subsection.2.6}{\376\377\000A\000n\000a\000l\000y\000t\000i\000c\000s\000\040\000S\000e\000c\000t\000i\000o\000n}{section.2}% 22
\BOOKMARK [3][-]{subsubsection.2.6.1}{\376\377\000U\000s\000e\000r\000s\000\040\000p\000e\000r\000\040\000C\000o\000l\000l\000e\000g\000e}{subsection.2.6}% 23
\BOOKMARK [3][-]{subsubsection.2.6.2}{\376\377\000U\000s\000e\000r\000s\000'\000\040\000S\000e\000x\000\040\000a\000t\000\040\000B\000i\000r\000t\000h}{subsection.2.6}% 24
\BOOKMARK [3][-]{subsubsection.2.6.3}{\376\377\000U\000s\000e\000r\000s\000'\000\040\000G\000e\000n\000d\000e\000r\000\040\000I\000d\000e\000n\000t\000i\000t\000y}{subsection.2.6}% 25
\BOOKMARK [2][-]{subsection.2.7}{\376\377\000R\000e\000s\000p\000o\000n\000s\000e\000\040\000R\000a\000t\000e\000\040\000b\000y\000\040\000S\000u\000r\000v\000e\000y}{section.2}% 26
\BOOKMARK [2][-]{subsection.2.8}{\376\377\000R\000i\000g\000h\000t\000\040\000S\000i\000d\000e\000b\000a\000r}{section.2}% 27
\BOOKMARK [3][-]{subsubsection.2.8.1}{\376\377\000M\000i\000n\000i\000\040\000C\000a\000l\000e\000n\000d\000a\000r}{subsection.2.8}% 28
\BOOKMARK [3][-]{subsubsection.2.8.2}{\376\377\000T\000o\000d\000a\000y\000'\000s\000\040\000T\000i\000m\000e\000l\000i\000n\000e}{subsection.2.8}% 29
\BOOKMARK [1][-]{section.3}{\376\377\000E\000v\000e\000n\000t\000s\000\040\000M\000a\000n\000a\000g\000e\000m\000e\000n\000t}{}% 30
\BOOKMARK [2][-]{subsection.3.1}{\376\377\000T\000o\000o\000l\000b\000a\000r\000\040\000a\000n\000d\000\040\000C\000o\000n\000t\000r\000o\000l\000s}{section.3}% 31
\BOOKMARK [3][-]{subsubsection.3.1.1}{\376\377\000S\000e\000a\000r\000c\000h\000\040\000B\000a\000r}{subsection.3.1}% 32
\BOOKMARK [3][-]{subsubsection.3.1.2}{\376\377\000S\000o\000r\000t\000\040\000D\000r\000o\000p\000d\000o\000w\000n}{subsection.3.1}% 33
\BOOKMARK [3][-]{subsubsection.3.1.3}{\376\377\000F\000i\000l\000t\000e\000r\000\040\000D\000r\000o\000p\000d\000o\000w\000n}{subsection.3.1}% 34
\BOOKMARK [3][-]{subsubsection.3.1.4}{\376\377\000E\000x\000p\000o\000r\000t\000\040\000t\000o\000\040\000C\000S\000V}{subsection.3.1}% 35
\BOOKMARK [3][-]{subsubsection.3.1.5}{\376\377\000A\000d\000d\000\040\000E\000v\000e\000n\000t\000\040\000B\000u\000t\000t\000o\000n}{subsection.3.1}% 36
\BOOKMARK [2][-]{subsection.3.2}{\376\377\000V\000i\000e\000w\000i\000n\000g\000\040\000a\000n\000d\000\040\000I\000n\000t\000e\000r\000a\000c\000t\000i\000n\000g\000\040\000w\000i\000t\000h\000\040\000E\000v\000e\000n\000t\000s}{section.3}% 37
\BOOKMARK [3][-]{subsubsection.3.2.1}{\376\377\000V\000i\000e\000w\000i\000n\000g\000\040\000E\000v\000e\000n\000t\000\040\000D\000e\000t\000a\000i\000l\000s}{subsection.3.2}% 38
\BOOKMARK [3][-]{subsubsection.3.2.2}{\376\377\000E\000d\000i\000t\000\040\000a\000n\000\040\000E\000v\000e\000n\000t}{subsection.3.2}% 39
\BOOKMARK [3][-]{subsubsection.3.2.3}{\376\377\000D\000e\000l\000e\000t\000e\000\040\000a\000n\000\040\000E\000v\000e\000n\000t}{subsection.3.2}% 40
\BOOKMARK [3][-]{subsubsection.3.2.4}{\376\377\000P\000a\000g\000i\000n\000a\000t\000i\000o\000n}{subsection.3.2}% 41
\BOOKMARK [2][-]{subsection.3.3}{\376\377\000C\000r\000e\000a\000t\000i\000n\000g\000\040\000o\000r\000\040\000E\000d\000i\000t\000i\000n\000g\000\040\000a\000n\000\040\000E\000v\000e\000n\000t}{section.3}% 42
\BOOKMARK [3][-]{subsubsection.3.3.1}{\376\377\000C\000r\000e\000a\000t\000i\000n\000g\000\040\000v\000s\000.\000\040\000E\000d\000i\000t\000i\000n\000g\000\040\000a\000n\000\040\000E\000v\000e\000n\000t}{subsection.3.3}% 43
\BOOKMARK [3][-]{subsubsection.3.3.2}{\376\377\000B\000a\000s\000i\000c\000\040\000I\000n\000f\000o\000r\000m\000a\000t\000i\000o\000n\000\040\000F\000i\000e\000l\000d\000s}{subsection.3.3}% 44
\BOOKMARK [3][-]{subsubsection.3.3.3}{\376\377\000E\000v\000e\000n\000t\000\040\000S\000c\000h\000e\000d\000u\000l\000e\000\040\000F\000i\000e\000l\000d\000s}{subsection.3.3}% 45
\BOOKMARK [3][-]{subsubsection.3.3.4}{\376\377\000D\000a\000t\000e\000\040\000V\000a\000l\000i\000d\000a\000t\000i\000o\000n\000\040\000R\000u\000l\000e\000s}{subsection.3.3}% 46
\BOOKMARK [3][-]{subsubsection.3.3.5}{\376\377\000F\000o\000r\000m\000\040\000V\000a\000l\000i\000d\000a\000t\000i\000o\000n\000\040\000a\000n\000d\000\040\000S\000u\000b\000m\000i\000s\000s\000i\000o\000n}{subsection.3.3}% 47
\BOOKMARK [3][-]{subsubsection.3.3.6}{\376\377\000T\000i\000p\000s\000\040\000f\000o\000r\000\040\000E\000v\000e\000n\000t\000\040\000C\000r\000e\000a\000t\000i\000o\000n}{subsection.3.3}% 48
\BOOKMARK [3][-]{subsubsection.3.3.7}{\376\377\000C\000h\000e\000c\000k\000i\000n\000g\000\040\000a\000n\000d\000\040\000M\000a\000r\000k\000i\000n\000g\000\040\000U\000s\000e\000r\000\040\000A\000t\000t\000e\000n\000d\000a\000n\000c\000e}{subsection.3.3}% 49
\BOOKMARK [1][-]{section.4}{\376\377\000U\000s\000e\000r\000s\000\040\000M\000a\000n\000a\000g\000e\000m\000e\000n\000t}{}% 50
\BOOKMARK [2][-]{subsection.4.1}{\376\377\000T\000o\000o\000l\000b\000a\000r\000\040\000a\000n\000d\000\040\000C\000o\000n\000t\000r\000o\000l\000s}{section.4}% 51
\BOOKMARK [3][-]{subsubsection.4.1.1}{\376\377\000S\000e\000a\000r\000c\000h\000\040\000B\000a\000r}{subsection.4.1}% 52
\BOOKMARK [3][-]{subsubsection.4.1.2}{\376\377\000S\000o\000r\000t\000\040\000D\000r\000o\000p\000d\000o\000w\000n}{subsection.4.1}% 53
\BOOKMARK [3][-]{subsubsection.4.1.3}{\376\377\000F\000i\000l\000t\000e\000r\000\040\000D\000r\000o\000p\000d\000o\000w\000n}{subsection.4.1}% 54
\BOOKMARK [3][-]{subsubsection.4.1.4}{\376\377\000A\000d\000d\000\040\000U\000s\000e\000r\000\040\000B\000u\000t\000t\000o\000n}{subsection.4.1}% 55
\BOOKMARK [2][-]{subsection.4.2}{\376\377\000V\000i\000e\000w\000i\000n\000g\000\040\000a\000n\000d\000\040\000I\000n\000t\000e\000r\000a\000c\000t\000i\000n\000g\000\040\000w\000i\000t\000h\000\040\000U\000s\000e\000r\000s}{section.4}% 56
\BOOKMARK [3][-]{subsubsection.4.2.1}{\376\377\000V\000i\000e\000w\000i\000n\000g\000\040\000U\000s\000e\000r\000\040\000D\000e\000t\000a\000i\000l\000s}{subsection.4.2}% 57
\BOOKMARK [3][-]{subsubsection.4.2.2}{\376\377\000E\000d\000i\000t\000\040\000a\000\040\000U\000s\000e\000r}{subsection.4.2}% 58
\BOOKMARK [3][-]{subsubsection.4.2.3}{\376\377\000D\000e\000l\000e\000t\000e\000\040\000a\000\040\000U\000s\000e\000r}{subsection.4.2}% 59
\BOOKMARK [3][-]{subsubsection.4.2.4}{\376\377\000P\000a\000g\000i\000n\000a\000t\000i\000o\000n}{subsection.4.2}% 60
\BOOKMARK [2][-]{subsection.4.3}{\376\377\000C\000r\000e\000a\000t\000i\000n\000g\000\040\000o\000r\000\040\000E\000d\000i\000t\000i\000n\000g\000\040\000a\000\040\000U\000s\000e\000r}{section.4}% 61
\BOOKMARK [3][-]{subsubsection.4.3.1}{\376\377\000C\000r\000e\000a\000t\000i\000n\000g\000\040\000v\000s\000.\000\040\000E\000d\000i\000t\000i\000n\000g\000\040\000a\000\040\000U\000s\000e\000r}{subsection.4.3}% 62
\BOOKMARK [3][-]{subsubsection.4.3.2}{\376\377\000A\000c\000c\000o\000u\000n\000t\000\040\000I\000n\000f\000o\000r\000m\000a\000t\000i\000o\000n\000\040\000F\000i\000e\000l\000d\000s}{subsection.4.3}% 63
\BOOKMARK [3][-]{subsubsection.4.3.3}{\376\377\000P\000e\000r\000s\000o\000n\000a\000l\000\040\000I\000n\000f\000o\000r\000m\000a\000t\000i\000o\000n\000\040\000F\000i\000e\000l\000d\000s}{subsection.4.3}% 64
\BOOKMARK [3][-]{subsubsection.4.3.4}{\376\377\000R\000o\000l\000e\000-\000S\000p\000e\000c\000i\000f\000i\000c\000\040\000F\000i\000e\000l\000d\000s}{subsection.4.3}% 65
\BOOKMARK [3][-]{subsubsection.4.3.5}{\376\377\000I\000d\000e\000n\000t\000i\000t\000y\000\040\000F\000i\000e\000l\000d\000s\000\040\000\050\000A\000l\000l\000\040\000R\000o\000l\000e\000s\000\051}{subsection.4.3}% 66
\BOOKMARK [3][-]{subsubsection.4.3.6}{\376\377\000S\000e\000s\000s\000i\000o\000n\000\040\000A\000t\000t\000e\000n\000d\000a\000n\000c\000e\000\040\000F\000i\000e\000l\000d\000s\000\040\000\050\000S\000t\000u\000d\000e\000n\000t\000s\000\040\000\046\000\040\000F\000a\000c\000u\000l\000t\000y\000\051}{subsection.4.3}% 67
\BOOKMARK [3][-]{subsubsection.4.3.7}{\376\377\000O\000n\000b\000o\000a\000r\000d\000i\000n\000g\000\040\000T\000o\000g\000g\000l\000e}{subsection.4.3}% 68
\BOOKMARK [3][-]{subsubsection.4.3.8}{\376\377\000F\000o\000r\000m\000\040\000V\000a\000l\000i\000d\000a\000t\000i\000o\000n\000\040\000a\000n\000d\000\040\000S\000u\000b\000m\000i\000s\000s\000i\000o\000n}{subsection.4.3}% 69
\BOOKMARK [3][-]{subsubsection.4.3.9}{\376\377\000T\000i\000p\000s\000\040\000f\000o\000r\000\040\000U\000s\000e\000r\000\040\000M\000a\000n\000a\000g\000e\000m\000e\000n\000t}{subsection.4.3}% 70
\BOOKMARK [1][-]{section.5}{\376\377\000G\000u\000i\000d\000e\000l\000i\000n\000e\000s\000\040\000M\000a\000n\000a\000g\000e\000m\000e\000n\000t}{}% 71
\BOOKMARK [2][-]{subsection.5.1}{\376\377\000T\000o\000o\000l\000b\000a\000r\000\040\000a\000n\000d\000\040\000C\000o\000n\000t\000r\000o\000l\000s}{section.5}% 72
\BOOKMARK [3][-]{subsubsection.5.1.1}{\376\377\000S\000e\000a\000r\000c\000h\000\040\000B\000a\000r}{subsection.5.1}% 73
\BOOKMARK [3][-]{subsubsection.5.1.2}{\376\377\000S\000o\000r\000t\000\040\000D\000r\000o\000p\000d\000o\000w\000n}{subsection.5.1}% 74
\BOOKMARK [3][-]{subsubsection.5.1.3}{\376\377\000A\000d\000d\000\040\000G\000u\000i\000d\000e\000l\000i\000n\000e\000\040\000B\000u\000t\000t\000o\000n}{subsection.5.1}% 75
\BOOKMARK [2][-]{subsection.5.2}{\376\377\000V\000i\000e\000w\000i\000n\000g\000\040\000a\000n\000d\000\040\000I\000n\000t\000e\000r\000a\000c\000t\000i\000n\000g\000\040\000w\000i\000t\000h\000\040\000G\000u\000i\000d\000e\000l\000i\000n\000e\000s}{section.5}% 76
\BOOKMARK [3][-]{subsubsection.5.2.1}{\376\377\000V\000i\000e\000w\000i\000n\000g\000\040\000G\000u\000i\000d\000e\000l\000i\000n\000e\000\040\000D\000e\000t\000a\000i\000l\000s}{subsection.5.2}% 77
\BOOKMARK [3][-]{subsubsection.5.2.2}{\376\377\000E\000d\000i\000t\000\040\000a\000\040\000G\000u\000i\000d\000e\000l\000i\000n\000e}{subsection.5.2}% 78
\BOOKMARK [3][-]{subsubsection.5.2.3}{\376\377\000D\000e\000l\000e\000t\000e\000\040\000a\000\040\000G\000u\000i\000d\000e\000l\000i\000n\000e}{subsection.5.2}% 79
\BOOKMARK [3][-]{subsubsection.5.2.4}{\376\377\000P\000a\000g\000i\000n\000a\000t\000i\000o\000n}{subsection.5.2}% 80
\BOOKMARK [2][-]{subsection.5.3}{\376\377\000C\000r\000e\000a\000t\000i\000n\000g\000\040\000o\000r\000\040\000E\000d\000i\000t\000i\000n\000g\000\040\000a\000\040\000G\000u\000i\000d\000e\000l\000i\000n\000e}{section.5}% 81
\BOOKMARK [3][-]{subsubsection.5.3.1}{\376\377\000G\000u\000i\000d\000e\000l\000i\000n\000e\000\040\000F\000i\000e\000l\000d\000s}{subsection.5.3}% 82
\BOOKMARK [3][-]{subsubsection.5.3.2}{\376\377\000F\000o\000r\000m\000\040\000V\000a\000l\000i\000d\000a\000t\000i\000o\000n\000\040\000a\000n\000d\000\040\000S\000u\000b\000m\000i\000s\000s\000i\000o\000n}{subsection.5.3}% 83
\BOOKMARK [3][-]{subsubsection.5.3.3}{\376\377\000T\000i\000p\000s\000\040\000f\000o\000r\000\040\000G\000u\000i\000d\000e\000l\000i\000n\000e\000\040\000C\000r\000e\000a\000t\000i\000o\000n}{subsection.5.3}% 84
\BOOKMARK [1][-]{section.6}{\376\377\000S\000u\000r\000v\000e\000y\000s\000\040\000M\000a\000n\000a\000g\000e\000m\000e\000n\000t}{}% 85
\BOOKMARK [2][-]{subsection.6.1}{\376\377\000T\000o\000o\000l\000b\000a\000r\000\040\000a\000n\000d\000\040\000C\000o\000n\000t\000r\000o\000l\000s}{section.6}% 86
\BOOKMARK [3][-]{subsubsection.6.1.1}{\376\377\000S\000e\000a\000r\000c\000h\000\040\000B\000a\000r}{subsection.6.1}% 87
\BOOKMARK [3][-]{subsubsection.6.1.2}{\376\377\000S\000o\000r\000t\000\040\000D\000r\000o\000p\000d\000o\000w\000n}{subsection.6.1}% 88
\BOOKMARK [3][-]{subsubsection.6.1.3}{\376\377\000F\000i\000l\000t\000e\000r\000\040\000D\000r\000o\000p\000d\000o\000w\000n}{subsection.6.1}% 89
\BOOKMARK [3][-]{subsubsection.6.1.4}{\376\377\000A\000d\000d\000\040\000S\000u\000r\000v\000e\000y\000\040\000B\000u\000t\000t\000o\000n}{subsection.6.1}% 90
\BOOKMARK [2][-]{subsection.6.2}{\376\377\000V\000i\000e\000w\000i\000n\000g\000\040\000a\000n\000d\000\040\000I\000n\000t\000e\000r\000a\000c\000t\000i\000n\000g\000\040\000w\000i\000t\000h\000\040\000S\000u\000r\000v\000e\000y\000s}{section.6}% 91
\BOOKMARK [3][-]{subsubsection.6.2.1}{\376\377\000V\000i\000e\000w\000i\000n\000g\000\040\000S\000u\000r\000v\000e\000y\000\040\000D\000e\000t\000a\000i\000l\000s\000\040\000a\000n\000d\000\040\000A\000n\000a\000l\000y\000t\000i\000c\000s}{subsection.6.2}% 92
\BOOKMARK [3][-]{subsubsection.6.2.2}{\376\377\000E\000d\000i\000t\000\040\000a\000\040\000S\000u\000r\000v\000e\000y}{subsection.6.2}% 93
\BOOKMARK [3][-]{subsubsection.6.2.3}{\376\377\000D\000e\000l\000e\000t\000e\000\040\000a\000\040\000S\000u\000r\000v\000e\000y}{subsection.6.2}% 94
\BOOKMARK [3][-]{subsubsection.6.2.4}{\376\377\000P\000a\000g\000i\000n\000a\000t\000i\000o\000n}{subsection.6.2}% 95
\BOOKMARK [2][-]{subsection.6.3}{\376\377\000C\000r\000e\000a\000t\000i\000n\000g\000\040\000o\000r\000\040\000E\000d\000i\000t\000i\000n\000g\000\040\000a\000\040\000S\000u\000r\000v\000e\000y}{section.6}% 96
\BOOKMARK [3][-]{subsubsection.6.3.1}{\376\377\000S\000u\000r\000v\000e\000y\000\040\000D\000e\000t\000a\000i\000l\000s\000\040\000F\000i\000e\000l\000d\000s}{subsection.6.3}% 97
\BOOKMARK [3][-]{subsubsection.6.3.2}{\376\377\000A\000v\000a\000i\000l\000a\000b\000i\000l\000i\000t\000y\000\040\000F\000i\000e\000l\000d\000s}{subsection.6.3}% 98
\BOOKMARK [3][-]{subsubsection.6.3.3}{\376\377\000D\000a\000t\000e\000\040\000V\000a\000l\000i\000d\000a\000t\000i\000o\000n\000\040\000R\000u\000l\000e\000s}{subsection.6.3}% 99
\BOOKMARK [3][-]{subsubsection.6.3.4}{\376\377\000Q\000u\000e\000s\000t\000i\000o\000n\000s\000\040\000S\000e\000c\000t\000i\000o\000n}{subsection.6.3}% 100
\BOOKMARK [3][-]{subsubsection.6.3.5}{\376\377\000F\000o\000r\000m\000\040\000V\000a\000l\000i\000d\000a\000t\000i\000o\000n\000\040\000a\000n\000d\000\040\000S\000u\000b\000m\000i\000s\000s\000i\000o\000n}{subsection.6.3}% 101
\BOOKMARK [3][-]{subsubsection.6.3.6}{\376\377\000T\000i\000p\000s\000\040\000f\000o\000r\000\040\000S\000u\000r\000v\000e\000y\000\040\000C\000r\000e\000a\000t\000i\000o\000n}{subsection.6.3}% 102
\BOOKMARK [1][-]{section.7}{\376\377\000P\000r\000o\000f\000i\000l\000e\000\040\000P\000a\000g\000e}{}% 103
\BOOKMARK [2][-]{subsection.7.1}{\376\377\000P\000e\000r\000s\000o\000n\000a\000l\000\040\000T\000a\000b}{section.7}% 104
\BOOKMARK [2][-]{subsection.7.2}{\376\377\000P\000r\000o\000f\000e\000s\000s\000i\000o\000n\000a\000l\000\040\000T\000a\000b}{section.7}% 105
\BOOKMARK [2][-]{subsection.7.3}{\376\377\000I\000d\000e\000n\000t\000i\000t\000y\000\040\000T\000a\000b}{section.7}% 106
\BOOKMARK [2][-]{subsection.7.4}{\376\377\000P\000r\000o\000f\000i\000l\000e\000\040\000C\000a\000r\000d}{section.7}% 107
\BOOKMARK [1][-]{section.8}{\376\377\000S\000e\000t\000t\000i\000n\000g\000s\000\040\000P\000a\000g\000e}{}% 108
\BOOKMARK [2][-]{subsection.8.1}{\376\377\000C\000h\000a\000n\000g\000e\000\040\000E\000m\000a\000i\000l\000\040\000A\000d\000d\000r\000e\000s\000s}{section.8}% 109
\BOOKMARK [2][-]{subsection.8.2}{\376\377\000C\000h\000a\000n\000g\000e\000\040\000P\000a\000s\000s\000w\000o\000r\000d}{section.8}% 110
\BOOKMARK [1][-]{section.9}{\376\377\000T\000i\000p\000s\000\040\000a\000n\000d\000\040\000T\000r\000o\000u\000b\000l\000e\000s\000h\000o\000o\000t\000i\000n\000g}{}% 111
\BOOKMARK [2][-]{subsection.9.1}{\376\377\000C\000o\000m\000m\000o\000n\000\040\000V\000a\000l\000i\000d\000a\000t\000i\000o\000n\000\040\000E\000r\000r\000o\000r\000s}{section.9}% 112
\BOOKMARK [2][-]{subsection.9.2}{\376\377\000G\000e\000n\000e\000r\000a\000l\000\040\000T\000i\000p\000s}{section.9}% 113
\BOOKMARK [1][-]{section.10}{\376\377\000G\000l\000o\000s\000s\000a\000r\000y}{}% 114
